GAMS 36.2.0  r433180e Released Sep  3, 2021 LEX-LEG x86 64bit/Linux - 12/17/21 15:16:36 Page 4
G e n e r a l   A l g e b r a i c   M o d e l i n g   S y s t e m
C o m p i l a t i o n


GDXIN   /home/carter/repos/CS524-project/_gams_py_gdb2.gdx
--- LOAD  m = 3:m
--- LOAD  big_A = 1:big_A
--- LOAD  t = 4:t
--- LOAD  p = 2:p
--- LOAD  u = 5:u
GAMS 36.2.0  r433180e Released Sep  3, 2021 LEX-LEG x86 64bit/Linux - 12/17/21 15:16:36 Page 5
G e n e r a l   A l g e b r a i c   M o d e l i n g   S y s t e m
Include File Summary


   SEQ   GLOBAL TYPE      PARENT   LOCAL  FILENAME

     1        1 INPUT          0       0  /home/carter/repos/CS524-project/gamsJupyter4_push.gms
     2       23 GDXIN          1       1  /home/carter/repos/CS524-project/_gams_py_gdb2.gdx


COMPILATION TIME     =        0.001 SECONDS      3 MB  36.2.0 r433180e LEX-LEG
GAMS 36.2.0  r433180e Released Sep  3, 2021 LEX-LEG x86 64bit/Linux - 12/17/21 15:16:36 Page 6
G e n e r a l   A l g e b r a i c   M o d e l i n g   S y s t e m
E x e c u t i o n


EXECUTION TIME       =        0.000 SECONDS      3 MB  36.2.0 r433180e LEX-LEG


USER: Introduction to Optimization (CS/ISyE/ECE 524) G210907|0002AS-GEN
      UW-Madison, CS Dept., Fall 2021, Prof. Ferris              DCE850
      License for teaching and research at degree granting institutions


**** FILE SUMMARY

Restart    /home/carter/repos/CS524-project/_gams_py_gcp0.g00
Input      /home/carter/repos/CS524-project/gamsJupyter4_push.gms
Output     /home/carter/repos/CS524-project/gamsJupyter4_push.lst
Save       /home/carter/repos/CS524-project/_gams_py_gcp3.g0?

**** WARNING - COMPILER OPTIONS ARE NON DEFAULT     ONEMPTY
     EOLCOM # 
